30084
1 12 23 34 42 46 62 66 73 85 91 101 111 116
