29873
6 16 22 36 43 60 74 81 91 100 115 123 127 138
