30252
4 13 31 34 50 61 68 85 95 112 114 135 149 152
