29965
10 17 38 50 54 71 81 98 110 121 131 153 165 169
