38193
3 5 8 12 17 25 33 36 40 42 45 54 55 57 60 64
