35562
0 9 13 17 22 29 33 41 45 53 56 64 70 77 80 85
