36568
1 13 14 24 30 36 49 52 58 62 69 76 82 89 108 114
