35177
2 13 24 34 41 48 57 72 80 90 98 100 110 115 123 139
