35038
0 16 21 36 45 63 66 75 93 99 114 119 132 137 150 157
