33537
10 20 29 51 54 69 79 90 99 112 127 133 152 164 176 179
