33641
12 17 38 44 54 76 86 97 109 128 133 154 166 184 192 202
