33478
12 20 36 59 73 77 100 108 131 135 154 170 190 196 219 233
