42766
2 7 9 10 12 15 17 23 25 28 30 33 34 36 37 40 44 45
