42163
3 6 12 15 19 23 28 35 38 48 53 55 62 64 68 72 76 81
