40008
1 11 14 20 27 32 35 49 51 58 64 69 74 84 88 99 104 113
