39240
8 18 23 27 42 56 63 68 79 85 87 101 106 111 117 128 134 139
