38779
8 21 25 32 44 58 59 73 88 95 104 120 126 133 140 150 164 168
