38277
7 10 24 37 46 67 70 86 96 100 112 130 147 157 161 181 190 203
