37742
10 18 27 51 56 72 92 107 123 138 140 160 168 184 195 200 224 234
