37638
9 22 39 50 63 85 106 121 133 145 159 172 186 203 219 228 255 272
