37836
2 32 38 67 75 93 114 121 143 154 180 191 218 231 238 269 284 295
