48088
3 7 9 11 15 17 22 25 26 28 33 34 38 40 43 45 48 52 54 57
