45453
2 10 12 20 25 32 37 39 52 54 58 64 66 69 72 82 89 90 91 96
