44473
8 10 18 25 30 46 48 60 63 67 76 81 83 92 100 107 110 121 125 135
