42579
6 16 24 29 41 45 59 66 80 83 97 103 111 114 128 134 143 153 161 172
