43727
8 12 27 34 47 62 75 86 93 108 118 123 136 156 158 172 179 196 199 216
