42609
6 15 37 47 67 79 91 96 108 123 134 147 164 169 193 197 216 219 234 255
