42114
2 20 35 61 69 86 99 119 122 135 155 164 181 210 221 235 250 268 277 298
