41989
5 16 50 55 84 93 108 132 149 157 183 189 211 228 251 265 274 290 320 331
