41795
13 29 52 61 79 111 122 145 152 182 205 227 238 264 270 286 306 330 348 369
